<?xml version="1.0" encoding="ISO-8859-1"?>
<?xml-stylesheet type='text/xsl' href='fdu_report.xsl'?>
<report app="map" design="lab0_v2" label="FDE Mapping Report File">
	<section id="Type_Count" label="Type Count">
		<table id="General_Table">
			<column id="Type_Name" label="Type Name"/>
			<column id="Count" label="Count"/>
			<row id="1">
				<item id="Type_Name" value="FFLATCH"/>
				<item id="Count" value="21"/>
			</row>
			<row id="2">
				<item id="Type_Name" value="FFLATCH_DFFRHQ"/>
				<item id="Count" value="15"/>
			</row>
			<row id="3">
				<item id="Type_Name" value="FFLATCH_DFFSHQ"/>
				<item id="Count" value="6"/>
			</row>
			<row id="4">
				<item id="Type_Name" value="LUT"/>
				<item id="Count" value="40"/>
			</row>
			<row id="5">
				<item id="Type_Name" value="LUT2"/>
				<item id="Count" value="10"/>
			</row>
			<row id="6">
				<item id="Type_Name" value="LUT3"/>
				<item id="Count" value="6"/>
			</row>
			<row id="7">
				<item id="Type_Name" value="LUT4"/>
				<item id="Count" value="24"/>
			</row>
			<row id="8">
				<item id="Type_Name" value="MACRO"/>
				<item id="Count" value="17"/>
			</row>
			<row id="9">
				<item id="Type_Name" value="MACRO_IPAD"/>
				<item id="Count" value="11"/>
			</row>
			<row id="10">
				<item id="Type_Name" value="MACRO_LOGIC_0"/>
				<item id="Count" value="1"/>
			</row>
			<row id="11">
				<item id="Type_Name" value="MACRO_LOGIC_1"/>
				<item id="Count" value="1"/>
			</row>
			<row id="12">
				<item id="Type_Name" value="MACRO_OPAD"/>
				<item id="Count" value="4"/>
			</row>
		</table>
	</section>
</report>

